// Jest Snapshot v1, https://goo.gl/fbAQLP

exports[`helpers caseNames 1`] = `
Object {
  "name": "CoMpoNent",
  "name_lower": "coMpoNent",
  "name_upper": "COMPONENT",
}
`;

exports[`helpers getPath 1`] = `
Object {
  "actionsPath": "some/path/ComponentName/ComponentNameActions.js",
  "componentTestPath": "some/path/ComponentName/__tests__/ComponentName.test.js",
  "fixturesPath": "some/path/ComponentName/ComponentName.fixtures.js",
  "indexPath": "some/path/ComponentName/index.js",
  "scssPath": "some/path/ComponentName/componentName.scss",
  "testPath": "some/path/ComponentName/__tests__/ComponentNameIndex.test.js",
}
`;

exports[`helpers initializePrompts 1`] = `
Array [
  Object {
    "default": "src/components",
    "message": "Enter your Components path",
    "name": "path",
    "type": "input",
    "validate": [Function],
  },
  Object {
    "message": "Enter your Component name",
    "name": "name",
    "type": "input",
    "validate": [Function],
  },
]
`;
